env: load .env
env: export EXPO_PUBLIC_API_URL EXPO_PUBLIC_APP_URL EXPO_PUBLIC_FLUTTERWAVE_PUBLIC_KEY EXPO_PUBLIC_CLOUDINARY_CLOUD_NAME EXPO_PUBLIC_CLOUDINARY_UPLOAD_PRESET EXPO_PUBLIC_FIREBASE_API_KEY EXPO_PUBLIC_FIREBASE_AUTH_DOMAIN EXPO_PUBLIC_FIREBASE_PROJECT_ID EXPO_PUBLIC_FIREBASE_STORAGE_BUCKET EXPO_PUBLIC_FIREBASE_MESSAGING_SENDER_ID EXPO_PUBLIC_FIREBASE_APP_ID EXPO_PUBLIC_FIREBASE_MEASUREMENT_ID EAS_SKIP_AUTO_FINGERPRINT
◇ injected env (0) from .env // tip: ⌘ enable debugging { debug: true }
Starting project at C:\Users\SKYLOFT\Downloads\unihelp-testing-main\Unihelp-Mobile
◇ injected env (0) from .env // tip: ◈ secrets for agents [www.dotenvx.com]
◇ injected env (0) from .env // tip: ⌘ override existing { override: true }
◇ injected env (0) from .env // tip: ◈ secrets for agents [www.dotenvx.com]
◇ injected env (0) from .env // tip: ⌘ suppress logs { quiet: true }
React Compiler enabled
Starting Metro Bundler
◇ injected env (0) from .env // tip: ⌘ override existing { override: true }
◇ injected env (0) from .env // tip: ◈ secrets for agents [www.dotenvx.com]
◇ injected env (0) from .env // tip: ⌘ enable debugging { debug: true }
◇ injected env (0) from .env // tip: ⌘ override existing { override: true }
Waiting on http://localhost:8083
Logs for your project will appear below.
Web node_modules\expo-router\entry.js ░░░░░░░░░░░░░░░░  0.0% (0/1)
λ node_modules\expo-router\node\render.js ░░░░░░░░░░░░░░░░  0.0% (0/1)
Web node_modules\expo-router\entry.js ░░░░░░░░░░░░░░░░  4.0% (2/2)
λ node_modules\expo-router\node\render.js ░░░░░░░░░░░░░░░░  1.0% (1/2)
Web node_modules\expo-router\entry.js ▓░░░░░░░░░░░░░░░  9.0% ( 4/15)
λ node_modules\expo-router\node\render.js ▓░░░░░░░░░░░░░░░  8.2% ( 11/119)
Web node_modules\expo-router\entry.js ▓▓▓░░░░░░░░░░░░░ 19.1% (15/93)
λ node_modules\expo-router\node\render.js ▓░░░░░░░░░░░░░░░  8.2% ( 57/246)
Web node_modules\expo-router\entry.js ▓▓▓░░░░░░░░░░░░░ 19.1% (15/93)
λ node_modules\expo-router\node\render.js ▓░░░░░░░░░░░░░░░ 11.4% ( 96/288)
Web node_modules\expo-router\entry.js ▓▓▓░░░░░░░░░░░░░ 19.1% ( 25/113)
λ node_modules\expo-router\node\render.js ▓▓░░░░░░░░░░░░░░ 15.5% (131/427)
Web node_modules\expo-router\entry.js ▓▓▓░░░░░░░░░░░░░ 19.1% ( 88/305)
λ node_modules\expo-router\node\render.js ▓▓░░░░░░░░░░░░░░ 15.5% (131/427)
Web node_modules\expo-router\entry.js ▓▓▓░░░░░░░░░░░░░ 19.1% (108/362)
λ node_modules\expo-router\node\render.js ▓▓░░░░░░░░░░░░░░ 15.8% (182/458)
Web node_modules\expo-router\entry.js ▓▓▓░░░░░░░░░░░░░ 19.1% (108/362)
λ node_modules\expo-router\node\render.js ▓▓▓░░░░░░░░░░░░░ 23.3% (248/521)
Web node_modules\expo-router\entry.js ▓▓▓░░░░░░░░░░░░░ 19.1% (111/370)
λ node_modules\expo-router\node\render.js ▓▓▓▓░░░░░░░░░░░░ 30.2% (308/561)
Web node_modules\expo-router\entry.js ▓▓▓░░░░░░░░░░░░░ 19.1% (111/370)
λ node_modules\expo-router\node\render.js ▓▓▓▓░░░░░░░░░░░░ 30.3% (339/634)
Web node_modules\expo-router\entry.js ▓▓▓░░░░░░░░░░░░░ 19.1% (111/370)
λ node_modules\expo-router\node\render.js ▓▓▓▓▓░░░░░░░░░░░ 32.7% (367/643)
Web node_modules\expo-router\entry.js ▓▓▓░░░░░░░░░░░░░ 19.1% (111/370)
λ node_modules\expo-router\node\render.js ▓▓▓▓▓▓░░░░░░░░░░ 38.5% (406/654)
Web node_modules\expo-router\entry.js ▓▓▓░░░░░░░░░░░░░ 19.1% (150/405)
λ node_modules\expo-router\node\render.js ▓▓▓▓▓▓░░░░░░░░░░ 41.1% (427/666)
Web node_modules\expo-router\entry.js ▓▓▓░░░░░░░░░░░░░ 20.4% (198/439)
λ node_modules\expo-router\node\render.js ▓▓▓▓▓▓░░░░░░░░░░ 41.1% (427/666)
Web node_modules\expo-router\entry.js ▓▓▓░░░░░░░░░░░░░ 20.7% (200/444)
λ node_modules\expo-router\node\render.js ▓▓▓▓▓▓░░░░░░░░░░ 41.1% (427/666)
Web node_modules\expo-router\entry.js ▓▓▓░░░░░░░░░░░░░ 20.7% (207/475)
λ node_modules\expo-router\node\render.js ▓▓▓▓▓▓░░░░░░░░░░ 41.1% (427/666)
Web node_modules\expo-router\entry.js ▓▓▓░░░░░░░░░░░░░ 20.7% (217/486)
λ node_modules\expo-router\node\render.js ▓▓▓▓▓▓░░░░░░░░░░ 41.1% (427/666)
Web node_modules\expo-router\entry.js ▓▓▓░░░░░░░░░░░░░ 20.7% (220/488)
λ node_modules\expo-router\node\render.js ▓▓▓▓▓▓░░░░░░░░░░ 41.1% (427/666)
Web node_modules\expo-router\entry.js ▓▓▓░░░░░░░░░░░░░ 22.4% (233/492)
λ node_modules\expo-router\node\render.js ▓▓▓▓▓▓░░░░░░░░░░ 41.1% (427/666)
Web node_modules\expo-router\entry.js ▓▓▓░░░░░░░░░░░░░ 24.1% (242/493)
λ node_modules\expo-router\node\render.js ▓▓▓▓▓▓░░░░░░░░░░ 41.1% (427/666)
Web node_modules\expo-router\entry.js ▓▓▓▓░░░░░░░░░░░░ 26.5% (258/501)
λ node_modules\expo-router\node\render.js ▓▓▓▓▓▓░░░░░░░░░░ 41.1% (427/666)
Web node_modules\expo-router\entry.js ▓▓▓▓░░░░░░░░░░░░ 30.3% (278/505)
λ node_modules\expo-router\node\render.js ▓▓▓▓▓▓░░░░░░░░░░ 41.1% (427/666)
Web node_modules\expo-router\entry.js ▓▓▓▓▓░░░░░░░░░░░ 32.5% (290/509)
λ node_modules\expo-router\node\render.js ▓▓▓▓▓▓░░░░░░░░░░ 41.1% (427/666)
Web node_modules\expo-router\entry.js ▓▓▓▓▓░░░░░░░░░░░ 34.6% (300/510)
λ node_modules\expo-router\node\render.js ▓▓▓▓▓▓░░░░░░░░░░ 41.1% (427/666)
Web node_modules\expo-router\entry.js ▓▓▓▓▓░░░░░░░░░░░ 36.9% (366/605)
λ node_modules\expo-router\node\render.js ▓▓▓▓▓▓░░░░░░░░░░ 42.0% (433/668)
| ◇ injected env (0) from .env // tip: ⌘ override existing { override: true }
Web node_modules\expo-router\entry.js ▓▓▓▓▓░░░░░░░░░░░ 36.9% (367/605)
λ node_modules\expo-router\node\render.js ▓▓▓▓▓▓▓░░░░░░░░░ 49.2% (484/690)
Web node_modules\expo-router\entry.js ▓▓▓▓▓░░░░░░░░░░░ 36.9% (367/605)
λ node_modules\expo-router\node\render.js ▓▓▓▓▓▓▓▓░░░░░░░░ 54.9% (530/725)
Web node_modules\expo-router\entry.js ▓▓▓▓▓▓░░░░░░░░░░ 37.8% (374/608)
λ node_modules\expo-router\node\render.js ▓▓▓▓▓▓▓▓▓░░░░░░░ 59.0% (591/786)
Web node_modules\expo-router\entry.js ▓▓▓▓▓▓░░░░░░░░░░ 37.8% (374/608)
λ node_modules\expo-router\node\render.js ▓▓▓▓▓▓▓▓▓░░░░░░░ 59.4% (619/829)
Web node_modules\expo-router\entry.js ▓▓▓▓▓▓░░░░░░░░░░ 37.8% (374/608)
λ node_modules\expo-router\node\render.js ▓▓▓▓▓▓▓▓▓░░░░░░░ 59.4% (634/867)
Web node_modules\expo-router\entry.js ▓▓▓▓▓▓░░░░░░░░░░ 42.0% (403/635)
λ node_modules\expo-router\node\render.js ▓▓▓▓▓▓▓▓▓░░░░░░░ 59.4% (665/882)
Web node_modules\expo-router\entry.js ▓▓▓▓▓▓░░░░░░░░░░ 43.0% (434/666)
λ node_modules\expo-router\node\render.js ▓▓▓▓▓▓▓▓▓░░░░░░░ 59.4% (665/882)
Web node_modules\expo-router\entry.js ▓▓▓▓▓▓░░░░░░░░░░ 43.0% (443/690)
λ node_modules\expo-router\node\render.js ▓▓▓▓▓▓▓▓▓░░░░░░░ 59.4% (665/882)
Web node_modules\expo-router\entry.js ▓▓▓▓▓▓░░░░░░░░░░ 43.0% (444/690)
λ node_modules\expo-router\node\render.js ▓▓▓▓▓▓▓▓▓░░░░░░░ 59.4% (666/882)
Web node_modules\expo-router\entry.js ▓▓▓▓▓▓░░░░░░░░░░ 43.1% (465/709)
λ node_modules\expo-router\node\render.js ▓▓▓▓▓▓▓▓▓░░░░░░░ 59.4% (666/882)
Web node_modules\expo-router\entry.js ▓▓▓▓▓▓▓░░░░░░░░░ 43.9% (473/740)
λ node_modules\expo-router\node\render.js ▓▓▓▓▓▓▓▓▓░░░░░░░ 59.4% (666/882)
Web node_modules\expo-router\entry.js ▓▓▓▓▓▓▓░░░░░░░░░ 43.9% (481/741)
λ node_modules\expo-router\node\render.js ▓▓▓▓▓▓▓▓▓░░░░░░░ 59.4% (666/882)
Web node_modules\expo-router\entry.js ▓▓▓▓▓▓▓░░░░░░░░░ 43.9% (489/776)
λ node_modules\expo-router\node\render.js ▓▓▓▓▓▓▓▓▓░░░░░░░ 59.4% (666/882)
Web node_modules\expo-router\entry.js ▓▓▓▓▓▓▓░░░░░░░░░ 43.9% (514/786)
λ node_modules\expo-router\node\render.js ▓▓▓▓▓▓▓▓▓░░░░░░░ 59.4% (666/882)
| ◇ injected env (0) from .env // tip: ⌘ enable debugging { debug: true }
Web node_modules\expo-router\entry.js ▓▓▓▓▓▓▓▓░░░░░░░░ 50.2% (593/837)
λ node_modules\expo-router\node\render.js ▓▓▓▓▓▓▓▓▓░░░░░░░ 59.4% (696/907)
Web node_modules\expo-router\entry.js ▓▓▓▓▓▓▓▓░░░░░░░░ 51.1% (607/853)
λ node_modules\expo-router\node\render.js ▓▓▓▓▓▓▓▓▓▓░░░░░░ 63.6% (785/988)
Web node_modules\expo-router\entry.js ▓▓▓▓▓▓▓▓░░░░░░░░ 51.1% (607/853)
λ node_modules\expo-router\node\render.js ▓▓▓▓▓▓▓▓▓▓░░░░░░ 65.5% ( 818/1025)
Web node_modules\expo-router\entry.js ▓▓▓▓▓▓▓▓░░░░░░░░ 51.1% (607/853)
λ node_modules\expo-router\node\render.js ▓▓▓▓▓▓▓▓▓▓░░░░░░ 65.5% ( 843/1064)
Web node_modules\expo-router\entry.js ▓▓▓▓▓▓▓▓░░░░░░░░ 51.1% (607/853)
λ node_modules\expo-router\node\render.js ▓▓▓▓▓▓▓▓▓▓░░░░░░ 65.5% ( 871/1107)
Web node_modules\expo-router\entry.js ▓▓▓▓▓▓▓▓░░░░░░░░ 53.8% (654/892)
λ node_modules\expo-router\node\render.js ▓▓▓▓▓▓▓▓▓▓░░░░░░ 65.5% ( 882/1117)
Web node_modules\expo-router\entry.js ▓▓▓▓▓▓▓▓░░░░░░░░ 55.0% (692/949)
λ node_modules\expo-router\node\render.js ▓▓▓▓▓▓▓▓▓▓░░░░░░ 65.5% ( 882/1117)
Web node_modules\expo-router\entry.js ▓▓▓▓▓▓▓▓░░░░░░░░ 56.0% (730/982)
λ node_modules\expo-router\node\render.js ▓▓▓▓▓▓▓▓▓▓░░░░░░ 65.5% ( 882/1117)
Web node_modules\expo-router\entry.js ▓▓▓▓▓▓▓▓░░░░░░░░ 56.0% ( 761/1049)
λ node_modules\expo-router\node\render.js ▓▓▓▓▓▓▓▓▓▓░░░░░░ 65.5% ( 882/1117)
Web node_modules\expo-router\entry.js ▓▓▓▓▓▓▓▓▓░░░░░░░ 59.1% ( 834/1093)
λ node_modules\expo-router\node\render.js ▓▓▓▓▓▓▓▓▓▓░░░░░░ 65.5% ( 897/1120)
Web node_modules\expo-router\entry.js ▓▓▓▓▓▓▓▓▓░░░░░░░ 60.1% ( 858/1107)
λ node_modules\expo-router\node\render.js ▓▓▓▓▓▓▓▓▓▓▓░░░░░ 72.8% ( 988/1194)
Web node_modules\expo-router\entry.js ▓▓▓▓▓▓▓▓▓░░░░░░░ 60.1% ( 858/1107)
λ node_modules\expo-router\node\render.js ▓▓▓▓▓▓▓▓▓▓▓░░░░░ 72.8% (1011/1315)
Web node_modules\expo-router\entry.js ▓▓▓▓▓▓▓▓▓░░░░░░░ 60.1% ( 858/1107)
λ node_modules\expo-router\node\render.js ▓▓▓▓▓▓▓▓▓▓▓░░░░░ 72.8% (1029/1326)
Web node_modules\expo-router\entry.js ▓▓▓▓▓▓▓▓▓░░░░░░░ 60.1% ( 858/1107)
λ node_modules\expo-router\node\render.js ▓▓▓▓▓▓▓▓▓▓▓░░░░░ 72.8% (1047/1349)
Web node_modules\expo-router\entry.js ▓▓▓▓▓▓▓▓▓░░░░░░░ 60.1% ( 858/1107)
λ node_modules\expo-router\node\render.js ▓▓▓▓▓▓▓▓▓▓▓░░░░░ 72.8% (1074/1369)
Web node_modules\expo-router\entry.js ▓▓▓▓▓▓▓▓▓░░░░░░░ 60.1% ( 858/1107)
λ node_modules\expo-router\node\render.js ▓▓▓▓▓▓▓▓▓▓▓░░░░░ 72.8% (1106/1400)
Web node_modules\expo-router\entry.js ▓▓▓▓▓▓▓▓▓▓░░░░░░ 64.7% ( 952/1202)
λ node_modules\expo-router\node\render.js ▓▓▓▓▓▓▓▓▓▓▓░░░░░ 72.8% (1112/1412)
Web node_modules\expo-router\entry.js ▓▓▓▓▓▓▓▓▓▓░░░░░░ 64.7% ( 954/1250)
λ node_modules\expo-router\node\render.js ▓▓▓▓▓▓▓▓▓▓▓░░░░░ 72.8% (1118/1419)
Web node_modules\expo-router\entry.js ▓▓▓▓▓▓▓▓▓▓░░░░░░ 64.7% ( 964/1270)
λ node_modules\expo-router\node\render.js ▓▓▓▓▓▓▓▓▓▓▓░░░░░ 72.8% (1118/1419)
Web node_modules\expo-router\entry.js ▓▓▓▓▓▓▓▓▓▓░░░░░░ 64.7% ( 974/1280)
λ node_modules\expo-router\node\render.js ▓▓▓▓▓▓▓▓▓▓▓░░░░░ 72.8% (1118/1419)
Web node_modules\expo-router\entry.js ▓▓▓▓▓▓▓▓▓▓░░░░░░ 64.7% (1012/1310)
λ node_modules\expo-router\node\render.js ▓▓▓▓▓▓▓▓▓▓▓░░░░░ 72.8% (1118/1419)
Web node_modules\expo-router\entry.js ▓▓▓▓▓▓▓▓▓▓░░░░░░ 64.7% (1038/1330)
λ node_modules\expo-router\node\render.js ▓▓▓▓▓▓▓▓▓▓▓░░░░░ 72.8% (1118/1419)
Web node_modules\expo-router\entry.js ▓▓▓▓▓▓▓▓▓▓░░░░░░ 64.7% (1095/1371)
λ node_modules\expo-router\node\render.js ▓▓▓▓▓▓▓▓▓▓▓░░░░░ 72.8% (1137/1467)
Web node_modules\expo-router\entry.js ▓▓▓▓▓▓▓▓▓▓░░░░░░ 64.8% (1105/1373)
λ node_modules\expo-router\node\render.js ▓▓▓▓▓▓▓▓▓▓▓░░░░░ 72.8% (1170/1486)
Web node_modules\expo-router\entry.js ▓▓▓▓▓▓▓▓▓▓░░░░░░ 64.8% (1105/1373)
λ node_modules\expo-router\node\render.js ▓▓▓▓▓▓▓▓▓▓▓░░░░░ 72.8% (1201/1506)
Web node_modules\expo-router\entry.js ▓▓▓▓▓▓▓▓▓▓░░░░░░ 64.8% (1105/1373)
λ node_modules\expo-router\node\render.js ▓▓▓▓▓▓▓▓▓▓▓░░░░░ 72.8% (1217/1510)
Web node_modules\expo-router\entry.js ▓▓▓▓▓▓▓▓▓▓░░░░░░ 65.1% (1109/1375)
λ node_modules\expo-router\node\render.js ▓▓▓▓▓▓▓▓▓▓▓░░░░░ 72.8% (1247/1517)
Web node_modules\expo-router\entry.js ▓▓▓▓▓▓▓▓▓▓░░░░░░ 65.1% (1109/1375)
λ node_modules\expo-router\node\render.js ▓▓▓▓▓▓▓▓▓▓▓░░░░░ 72.8% (1278/1565)
Web node_modules\expo-router\entry.js ▓▓▓▓▓▓▓▓▓▓░░░░░░ 65.1% (1109/1375)
λ node_modules\expo-router\node\render.js ▓▓▓▓▓▓▓▓▓▓▓░░░░░ 72.8% (1308/1590)
Web node_modules\expo-router\entry.js ▓▓▓▓▓▓▓▓▓▓░░░░░░ 65.1% (1109/1375)
λ node_modules\expo-router\node\render.js ▓▓▓▓▓▓▓▓▓▓▓░░░░░ 72.8% (1359/1619)
Web node_modules\expo-router\entry.js ▓▓▓▓▓▓▓▓▓▓░░░░░░ 65.9% (1123/1389)
λ node_modules\expo-router\node\render.js ▓▓▓▓▓▓▓▓▓▓▓░░░░░ 74.7% (1416/1638)
Web node_modules\expo-router\entry.js ▓▓▓▓▓▓▓▓▓▓▓░░░░░ 68.8% (1203/1450)
λ node_modules\expo-router\node\render.js ▓▓▓▓▓▓▓▓▓▓▓░░░░░ 74.7% (1416/1638)
Web node_modules\expo-router\entry.js ▓▓▓▓▓▓▓▓▓▓▓░░░░░ 72.9% (1265/1504)
λ node_modules\expo-router\node\render.js ▓▓▓▓▓▓▓▓▓▓▓░░░░░ 74.7% (1416/1638)
Web node_modules\expo-router\entry.js ▓▓▓▓▓▓▓▓▓▓▓▓░░░░ 76.4% (1342/1535)
λ node_modules\expo-router\node\render.js ▓▓▓▓▓▓▓▓▓▓▓░░░░░ 74.7% (1416/1638)
Web node_modules\expo-router\entry.js ▓▓▓▓▓▓▓▓▓▓▓▓░░░░ 78.2% (1375/1580)
λ node_modules\expo-router\node\render.js ▓▓▓▓▓▓▓▓▓▓▓▓░░░░ 78.5% (1488/1679)
Web node_modules\expo-router\entry.js ▓▓▓▓▓▓▓▓▓▓▓▓░░░░ 78.2% (1375/1580)
λ node_modules\expo-router\node\render.js ▓▓▓▓▓▓▓▓▓▓▓▓▓░░░ 84.5% (1566/1704)
Web node_modules\expo-router\entry.js ▓▓▓▓▓▓▓▓▓▓▓▓░░░░ 78.2% (1375/1580)
λ node_modules\expo-router\node\render.js ▓▓▓▓▓▓▓▓▓▓▓▓▓▓░░ 87.5% (1626/1752)
Web node_modules\expo-router\entry.js ▓▓▓▓▓▓▓▓▓▓▓▓▓░░░ 86.7% (1500/1615)
λ node_modules\expo-router\node\render.js ▓▓▓▓▓▓▓▓▓▓▓▓▓▓░░ 87.5% (1637/1755)
Web node_modules\expo-router\entry.js ▓▓▓▓▓▓▓▓▓▓▓▓▓▓░░ 88.4% (1579/1679)
λ node_modules\expo-router\node\render.js ▓▓▓▓▓▓▓▓▓▓▓▓▓▓░░ 89.7% (1687/1799)
Web node_modules\expo-router\entry.js ▓▓▓▓▓▓▓▓▓▓▓▓▓▓░░ 88.4% (1579/1679)
λ node_modules\expo-router\node\render.js ▓▓▓▓▓▓▓▓▓▓▓▓▓▓░░ 89.9% (1717/1825)
Web node_modules\expo-router\entry.js ▓▓▓▓▓▓▓▓▓▓▓▓▓▓░░ 89.9% (1639/1730)
λ node_modules\expo-router\node\render.js ▓▓▓▓▓▓▓▓▓▓▓▓▓▓░░ 90.1% (1752/1846)
Web node_modules\expo-router\entry.js ▓▓▓▓▓▓▓▓▓▓▓▓▓▓░░ 92.7% (1675/1740)
λ node_modules\expo-router\node\render.js ▓▓▓▓▓▓▓▓▓▓▓▓▓▓▓░ 94.8% (1833/1885)
Web node_modules\expo-router\entry.js ▓▓▓▓▓▓▓▓▓▓▓▓▓▓▓░ 94.1% (1742/1796)
λ node_modules\expo-router\node\render.js ▓▓▓▓▓▓▓▓▓▓▓▓▓▓▓░ 95.3% (1871/1923)
Web node_modules\expo-router\entry.js ▓▓▓▓▓▓▓▓▓▓▓▓▓▓▓░ 95.4% (1799/1842)
λ node_modules\expo-router\node\render.js ▓▓▓▓▓▓▓▓▓▓▓▓▓▓▓░ 96.6% (1925/1964)
Web node_modules\expo-router\entry.js ▓▓▓▓▓▓▓▓▓▓▓▓▓▓▓░ 99.5% (1916/1921)
λ node_modules\expo-router\node\render.js ▓▓▓▓▓▓▓▓▓▓▓▓▓▓▓░ 99.5% (1973/1978)
λ Bundled 317540ms node_modules\expo-router\node\render.js (1978 modules)
Web Bundled 319612ms node_modules\expo-router\entry.js (1921 modules)
